
You can use '--warning-mode all' to show the individual deprecation warnings and determine if they come from your own scripts or plugins.

For more on this, please refer to https://docs.gradle.org/8.11.1/userguide/command_line_interface.html#sec:command_line_warnings in the Gradle documentation.

BUILD FAILED in 43s
35 actionable tasks: 35 executed
PS C:\Users\joe\Documents\JitsplannerPro27\JitsPlannerPro\android> # From your project folder
PS C:\Users\joe\Documents\JitsplannerPro27\JitsPlannerPro\android> cd C:\Users\joe\Documents\JitsplannerPro27\JitsPlannerPro
PS C:\Users\joe\Documents\JitsplannerPro27\JitsPlannerPro>
PS C:\Users\joe\Documents\JitsplannerPro27\JitsPlannerPro> git add codemagic.yaml
warning: in the working copy of 'codemagic.yaml', LF will be replaced by CRLF the next time Git touches it
PS C:\Users\joe\Documents\JitsplannerPro27\JitsPlannerPro> git commit -m "Update to v1.0.87 with Java 21 for Android and iOS fixes"
[replit-agent 7f02726] Update to v1.0.87 with Java 21 for Android and iOS fixes
 1 file changed, 7 insertions(+), 7 deletions(-)
PS C:\Users\joe\Documents\JitsplannerPro27\JitsPlannerPro> git push origin main
Everything up-to-date
PS C:\Users\joe\Documents\JitsplannerPro27\JitsPlannerPro> .\gradlew.bat clean bundleRelease
.\gradlew.bat : The term '.\gradlew.bat' is not
recognized as the name of a cmdlet, function,
script file, or operable program. Check the
spelling of the name, or if a path was included,
verify that the path is correct and try again.
At line:1 char:1
+ .\gradlew.bat clean bundleRelease
+ ~~~~~~~~~~~~~
    + CategoryInfo          : ObjectNotFound: (.
   \gradlew.bat:String) [], CommandNotFoundExce
  ption
    + FullyQualifiedErrorId : CommandNotFoundExc
   eption

PS C:\Users\joe\Documents\JitsplannerPro27\JitsPlannerPro> cd  C:\Users\joe\Documents\JitsplannerPro27\JitsPlannerPro/android
PS C:\Users\joe\Documents\JitsplannerPro27\JitsPlannerPro\android>  C:\Users\joe\Documents\JitsplannerPro27\JitsPlannerPr.\gradlew.bat clean bundleRelease
C:\Users\joe\Documents\JitsplannerPro27\JitsPlann
erPr.\gradlew.bat : The term 'C:\Users\joe\Docume
nts\JitsplannerPro27\JitsPlannerPr.\gradlew.bat'
is not recognized as the name of a cmdlet,
function, script file, or operable program.
Check the spelling of the name, or if a path was
included, verify that the path is correct and
try again.
At line:1 char:2
+  C:\Users\joe\Documents\JitsplannerPro27\JitsPl
annerPr.\gradlew.bat c ...
+  ~~~~~~~~~~~~~~~~~~~~~~~~~~~~~~~~~~~~~~~~~~~~~~
~~~~~~~~~~~~~~~~~~~~
    + CategoryInfo          : ObjectNotFound: (C
   :\Users\joe\Do...Pr.\gradlew.bat:String) [],
   CommandNotFoundException
    + FullyQualifiedErrorId : CommandNotFoundExc
   eption

PS C:\Users\joe\Documents\JitsplannerPro27\JitsPlannerPro\android> .\gradlew.bat clean bundleRelease


FAILURE: Build failed with an exception.

* Where:
Build file 'C:\Users\joe\Documents\JitsplannerPro27\JitsPlannerPro\android\app\build.gradle' line:

* What went wrong:
A problem occurred evaluating project ':app'.
> Failed to apply plugin 'com.android.internal.version-check'.
   > Minimum supported Gradle version is 8.13. Current version is 8.11.1.
     Try updating the 'distributionUrl' property in C:\Users\joe\Documents\JitsplannerPro27\JitsPlannerPro\android\gradle\wrapper\gradle-wrapper.properties to 'gradle-8.13-bin.zip'.

* Try:
> Run with --stacktrace option to get the stack trace.
> Run with --info or --debug option to get more log output.
> Run with --scan to get full insights.
> Get more help at https://help.gradle.org.

BUILD FAILED in 14s
PS C:\Users\joe\Documents\JitsplannerPro27\JitsPlannerPro\android> cd C:\Users\joe\Documents\JitsplannerPro27\JitsPlannerPro
PS C:\Users\joe\Documents\JitsplannerPro27\JitsPlannerPro>
PS C:\Users\joe\Documents\JitsplannerPro27\JitsPlannerPro> # Download codemagic.yaml from Replit first, then:
PS C:\Users\joe\Documents\JitsplannerPro27\JitsPlannerPro> git add codemagic.yaml
PS C:\Users\joe\Documents\JitsplannerPro27\JitsPlannerPro> git commit -m "Use Java 21 and v1.0.87 for both platforms"
On branch replit-agent
Your branch is ahead of 'origin/replit-agent' by 2 commits.
  (use "git push" to publish your local commits)

Changes not staged for commit:
  (use "git add/rm <file>..." to update what will be committed)
  (use "git restore <file>..." to discard changes in working directory)
        deleted:    android/.gradle/8.13/checksums/checksums.lock
        deleted:    android/.gradle/8.13/checksums/md5-checksums.bin
        deleted:    android/.gradle/8.13/checksums/sha1-checksums.bin
        deleted:    android/.gradle/8.13/fileChanges/last-build.bin
        deleted:    android/.gradle/8.13/fileHashes/fileHashes.lock
        deleted:    android/.gradle/8.13/gc.properties
        modified:   android/.gradle/buildOutputCleanup/buildOutputCleanup.lock
        modified:   android/.gradle/buildOutputCleanup/cache.properties
        deleted:    android/.idea/.gitignore
        deleted:    android/.idea/AndroidProjectSystem.xml
        deleted:    android/.idea/compiler.xml
        deleted:    android/.idea/deploymentTargetSelector.xml
        deleted:    android/.idea/migrations.xml
        deleted:    android/.idea/misc.xml
        deleted:    android/.idea/runConfigurations.xml
        deleted:    android/.idea/studiobot.xml
        modified:   android/app/build.gradle
        modified:   android/app/capacitor.build.gradle
        modified:   android/app/src/main/AndroidManifest.xml
        modified:   android/app/src/main/assets/capacitor.config.json
        modified:   android/app/src/main/assets/capacitor.plugins.json
        deleted:    android/app/src/main/assets/public/assets/index-D-K0-t4f.css
        deleted:    android/app/src/main/assets/public/feature-graphic.png
        deleted:    android/app/src/main/assets/public/feature-graphic.svg
        deleted:    android/app/src/main/assets/public/icon-128x128.png
        deleted:    android/app/src/main/assets/public/icon-144x144.png
        deleted:    android/app/src/main/assets/public/icon-152x152.png
        deleted:    android/app/src/main/assets/public/icon-192x192.png
        deleted:    android/app/src/main/assets/public/icon-192x192.svg
        deleted:    android/app/src/main/assets/public/icon-384x384.png
        deleted:    android/app/src/main/assets/public/icon-512x512.png
        deleted:    android/app/src/main/assets/public/icon-512x512.svg
        deleted:    android/app/src/main/assets/public/icon-72x72.png
        deleted:    android/app/src/main/assets/public/icon-96x96.png
        modified:   android/app/src/main/assets/public/index.html
        deleted:    android/app/src/main/assets/public/manifest.json
        deleted:    android/app/src/main/assets/public/screenshot-classes.svg
        deleted:    android/app/src/main/assets/public/screenshot-dashboard.svg
        deleted:    android/app/src/main/assets/public/screenshot-notes.svg
        deleted:    android/app/src/main/assets/public/screenshot-subscription.svg
        deleted:    android/app/src/main/assets/public/sw.js
        modified:   android/app/src/main/res/drawable-land-hdpi/splash.png
        deleted:    android/app/src/main/res/drawable-land-ldpi/splash.png
        modified:   android/app/src/main/res/drawable-land-mdpi/splash.png
        deleted:    android/app/src/main/res/drawable-land-night-hdpi/splash.png
        deleted:    android/app/src/main/res/drawable-land-night-ldpi/splash.png
        deleted:    android/app/src/main/res/drawable-land-night-mdpi/splash.png
        deleted:    android/app/src/main/res/drawable-land-night-xhdpi/splash.png
        deleted:    android/app/src/main/res/drawable-land-night-xxhdpi/splash.png
        deleted:    android/app/src/main/res/drawable-land-night-xxxhdpi/splash.png
        modified:   android/app/src/main/res/drawable-land-xhdpi/splash.png
        modified:   android/app/src/main/res/drawable-land-xxhdpi/splash.png
        modified:   android/app/src/main/res/drawable-land-xxxhdpi/splash.png
        deleted:    android/app/src/main/res/drawable-night/splash.png
        modified:   android/app/src/main/res/drawable-port-hdpi/splash.png
        deleted:    android/app/src/main/res/drawable-port-ldpi/splash.png
        modified:   android/app/src/main/res/drawable-port-mdpi/splash.png
        deleted:    android/app/src/main/res/drawable-port-night-hdpi/splash.png
        deleted:    android/app/src/main/res/drawable-port-night-ldpi/splash.png
        deleted:    android/app/src/main/res/drawable-port-night-mdpi/splash.png
        deleted:    android/app/src/main/res/drawable-port-night-xhdpi/splash.png
        deleted:    android/app/src/main/res/drawable-port-night-xxhdpi/splash.png
        deleted:    android/app/src/main/res/drawable-port-night-xxxhdpi/splash.png
        modified:   android/app/src/main/res/drawable-port-xhdpi/splash.png
        modified:   android/app/src/main/res/drawable-port-xxhdpi/splash.png
        modified:   android/app/src/main/res/drawable-port-xxxhdpi/splash.png
        modified:   android/app/src/main/res/drawable/splash.png
        modified:   android/app/src/main/res/mipmap-anydpi-v26/ic_launcher.xml
        modified:   android/app/src/main/res/mipmap-anydpi-v26/ic_launcher_round.xml
        modified:   android/app/src/main/res/mipmap-hdpi/ic_launcher.png
        deleted:    android/app/src/main/res/mipmap-hdpi/ic_launcher_background.png
        modified:   android/app/src/main/res/mipmap-hdpi/ic_launcher_foreground.png
        modified:   android/app/src/main/res/mipmap-hdpi/ic_launcher_round.png
        deleted:    android/app/src/main/res/mipmap-ldpi/ic_launcher.png
        deleted:    android/app/src/main/res/mipmap-ldpi/ic_launcher_background.png
        deleted:    android/app/src/main/res/mipmap-ldpi/ic_launcher_foreground.png
        deleted:    android/app/src/main/res/mipmap-ldpi/ic_launcher_round.png
        modified:   android/app/src/main/res/mipmap-mdpi/ic_launcher.png
        deleted:    android/app/src/main/res/mipmap-mdpi/ic_launcher_background.png
        modified:   android/app/src/main/res/mipmap-mdpi/ic_launcher_foreground.png
        modified:   android/app/src/main/res/mipmap-mdpi/ic_launcher_round.png
        modified:   android/app/src/main/res/mipmap-xhdpi/ic_launcher.png
        deleted:    android/app/src/main/res/mipmap-xhdpi/ic_launcher_background.png
        modified:   android/app/src/main/res/mipmap-xhdpi/ic_launcher_foreground.png
        modified:   android/app/src/main/res/mipmap-xhdpi/ic_launcher_round.png
        modified:   android/app/src/main/res/mipmap-xxhdpi/ic_launcher.png
        deleted:    android/app/src/main/res/mipmap-xxhdpi/ic_launcher_background.png
        modified:   android/app/src/main/res/mipmap-xxhdpi/ic_launcher_foreground.png
        modified:   android/app/src/main/res/mipmap-xxhdpi/ic_launcher_round.png
        modified:   android/app/src/main/res/mipmap-xxxhdpi/ic_launcher.png
        deleted:    android/app/src/main/res/mipmap-xxxhdpi/ic_launcher_background.png
        modified:   android/app/src/main/res/mipmap-xxxhdpi/ic_launcher_foreground.png
        modified:   android/app/src/main/res/mipmap-xxxhdpi/ic_launcher_round.png
        modified:   android/app/src/main/res/xml/config.xml
        modified:   android/build.gradle
        modified:   android/build/reports/problems/problems-report.html
        modified:   android/capacitor-cordova-android-plugins/build.gradle
        modified:   android/capacitor-cordova-android-plugins/cordova.variables.gradle
        modified:   android/capacitor-cordova-android-plugins/src/main/AndroidManifest.xml
        modified:   android/capacitor-cordova-android-plugins/src/main/res/.gitkeep
        modified:   android/capacitor.settings.gradle
        modified:   android/gradle.properties
        modified:   android/gradle/wrapper/gradle-wrapper.properties
        modified:   android/settings.gradle
        modified:   package-lock.json

Untracked files:
  (use "git add <file>..." to include in what will be committed)
        android-OLD-BROKEN/
        android-backup-old/
        update-android.ps1.txt

no changes added to commit (use "git add" and/or "git commit -a")
PS C:\Users\joe\Documents\JitsplannerPro27\JitsPlannerPro> git push origin main