lugins for ios:
       @capacitor/app@7.1.0
       @capacitor/preferences@7.0.2
√ update ios in 288.21ms
√ copy web in 61.67ms
√ update web in 62.84ms
[info] Sync finished in 1.329s
PS C:\Users\joe\Documents\JitsplannerPro27\FRESH3>
PS C:\Users\joe\Documents\JitsplannerPro27\FRESH3> # Push to GitHub
PS C:\Users\joe\Documents\JitsplannerPro27\FRESH3> git push origin replit-agent
Enumerating objects: 23, done.
Counting objects: 100% (23/23), done.
Delta compression using up to 12 threads
Compressing objects: 100% (18/18), done.
Writing objects: 100% (18/18), 1.67 KiB | 142.00 KiB/s, done.
Total 18 (delta 15), reused 3 (delta 0), pack-reused 0 (from 0)
remote: Resolving deltas: 100% (15/15), completed with 5 local objects.
To https://github.com/bjjjitsjournal-oss/JitsPlannerPro.git
   3fcaa01b..f6705b42  replit-agent -> replit-agent
PS C:\Users\joe\Documents\JitsplannerPro27\FRESH3>
PS C:\Users\joe\Documents\JitsplannerPro27\FRESH3> # Verify it's on GitHub
PS C:\Users\joe\Documents\JitsplannerPro27\FRESH3> git show HEAD:client/src/pages/Settings.tsx | Select-String "gymMembers|removeMemberMutation"

  const { data: gymMembership } = useQuery<{ id:
number; name: string; code: string } | null>({
  const { data: gymMembers } = useQuery<Array<{ userId:
number; email: string; firstName: string; lastName:
string; role: string; joinedAt: string }>>({
    queryKey:
[`/api/gyms/${gymMembership?.id}/members`],
    enabled: !!gymMembership && (gymMembership.role ===
'admin' || user?.email === 'bjjjitsjournal@gmail.com'),
  const removeMemberMutation = useMutation({
      return await apiRequest('DELETE',
`/api/gyms/${gymMembership?.id}/members/${userId}`);
      queryClient.invalidateQueries({ queryKey:
['/api/gyms', gymMembership?.id, 'members'] });
          {gymMembership && (
                <span className="font-semibold
text-gray-800
dark:text-white">{gymMembership.name}</span>
                Code: <span className="font-mono
font-bold">{gymMembership.code}</span>
              {gymMembership ? 'Join another gym
community' : 'Join a gym community to share notes with
your training partners'}


PS C:\Users\joe\Documents\JitsplannerPro27\FRESH3> # Check what commit GitHub has
PS C:\Users\joe\Documents\JitsplannerPro27\FRESH3> git log --oneline -5 origin/replit-agent
f6705b42 (HEAD -> replit-agent, origin/replit-agent) v1.0.100 - Add backticks to template literal
83cdbc9a v1.0.100 - Fix DELETE template literal
8bef2c5f v1.0.100 - Fix template literal syntax
3fcaa01b v1.0.100 - Add gym members management code
9f59d3c7 v1.0.100 - Add Gym Members admin panel to Settings
PS C:\Users\joe\Documents\JitsplannerPro27\FRESH3>
PS C:\Users\joe\Documents\JitsplannerPro27\FRESH3> # Should show f6705b42 with "Add backticks to template literal"

PS C:\Users\joe\Documents\JitsplannerPro27\FRESH3> # Update capacitor.config.ts version
PS C:\Users\joe\Documents\JitsplannerPro27\FRESH3> (Get-Content capacitor.config.ts) -replace "version: '1.0.96'", "version: '1.0.100'" | Set-Content capacitor.config.ts
PS C:\Users\joe\Documents\JitsplannerPro27\FRESH3>
PS C:\Users\joe\Documents\JitsplannerPro27\FRESH3> # Update android build.gradle
PS C:\Users\joe\Documents\JitsplannerPro27\FRESH3> (Get-Content android/app/build.gradle) -replace "versionCode 96", "versionCode 100" | Set-Content android/app/build.gradle
PS C:\Users\joe\Documents\JitsplannerPro27\FRESH3> (Get-Content android/app/build.gradle) -replace 'versionName "1.0.96"', 'versionName "1.0.100"' | Set-Content android/app/build.gradle
PS C:\Users\joe\Documents\JitsplannerPro27\FRESH3>
PS C:\Users\joe\Documents\JitsplannerPro27\FRESH3> # Update Settings.tsx app version
PS C:\Users\joe\Documents\JitsplannerPro27\FRESH3> (Get-Content client/src/pages/Settings.tsx) -replace "appVersion = '1.0.87'", "appVersion = '1.0.100'" | Set-Content client/src/pages/Settings.tsx
PS C:\Users\joe\Documents\JitsplannerPro27\FRESH3>
PS C:\Users\joe\Documents\JitsplannerPro27\FRESH3> # Build
PS C:\Users\joe\Documents\JitsplannerPro27\FRESH3> npm run build

> rest-express@1.0.0 build
> vite build && esbuild server/index.ts --platform=node --packages=external --bundle --format=esm --outdir=dist

vite v5.4.19 building for production...
transforming (3) src\main.tsxBrowserslist: browsers data (caniuse-lite) is 13 months old. Please run:
  npx update-browserslist-db@latest
  Why you should do it regularly: https://github.com/browserslist/update-db#readme
✓ 2773 modules transformed.
../dist/public/index.html                   3.12 kB │ gzip:   1.09 kB
../dist/public/assets/index-3886ofBq.css   99.82 kB │ gzip:  16.17 kB
../dist/public/assets/web-DUwf8utS.js       1.25 kB │ gzip:   0.59 kB
../dist/public/assets/index-BsGLejPz.js   890.78 kB │ gzip: 250.70 kB

(!) Some chunks are larger than 500 kB after minification. Consider:
- Using dynamic import() to code-split the application
- Use build.rollupOptions.output.manualChunks to improve chunking: https://rollupjs.org/configuration-options/#output-manualchunks
- Adjust chunk size limit for this warning via build.chunkSizeWarningLimit.
✓ built in 9.99s

  dist\index.js  139.9kb

⚡ Done in 29ms
PS C:\Users\joe\Documents\JitsplannerPro27\FRESH3>
PS C:\Users\joe\Documents\JitsplannerPro27\FRESH3> # Sync

PS C:\Users\joe\Documents\JitsplannerPro27\FRESH3> npx cap sync
\ Copying web assets from public to android\app\src\main\√ Copying web assets from public to android\app\src\main\assets\public in 25.24ms
\ Creating capacitor.config.json in android\app\src\main\√ Creating capacitor.config.json in android\app\src\main\assets in 1.81ms
√ copy android in 141.27ms
√ Updating Android plugins in 31.51ms
[info] Found 2 Capacitor plugins for android:
       @capacitor/app@7.1.0
       @capacitor/preferences@7.0.2
√ update android in 247.51ms
√ Copying web assets from public to ios\App\App\public in 33.38ms
√ Creating capacitor.config.json in ios\App\App in 1.86ms
√ copy ios in 181.11ms
√ Updating iOS plugins in 28.62ms
/ update ios [warn] Skipping pod install because CocoaPods is not installed
[warn] Unable to find "xcodebuild". Skipping xcodebuild clean step...
√ Updating iOS native dependencies with pod install in 32.02ms
[info] Found 2 Capacitor plugins for ios:
       @capacitor/app@7.1.0
       @capacitor/preferences@7.0.2
√ update ios in 252.97ms
√ copy web in 62.69ms
√ update web in 69.27ms
[info] Sync finished in 1.29s
PS C:\Users\joe\Documents\JitsplannerPro27\FRESH3>
PS C:\Users\joe\Documents\JitsplannerPro27\FRESH3> # Commit and push
PS C:\Users\joe\Documents\JitsplannerPro27\FRESH3> git add capacitor.config.ts android/app/build.gradle client/src/pages/Settings.tsx
PS C:\Users\joe\Documents\JitsplannerPro27\FRESH3> git commit -m "v1.0.100 - Bump version number"
Auto packing the repository for optimum performance.
See "git help gc" for manual housekeeping.
Enumerating objects: 6, done.
Counting objects: 100% (6/6), done.
Delta compression using up to 12 threads
Compressing objects: 100% (6/6), done.
Writing objects: 100% (6/6), done.
Total 6 (delta 0), reused 0 (delta 0), pack-reused 0 (from 0)
Checking connectivity: 37755, done.
warning: There are too many unreachable loose objects; run 'git prune' to remove them.
[replit-agent e088f10c] v1.0.100 - Bump version number
 1 file changed, 10 insertions(+), 10 deletions(-)
PS C:\Users\joe\Documents\JitsplannerPro27\FRESH3> git push origin replit-agent
Enumerating objects: 11, done.
Counting objects: 100% (11/11), done.
Delta compression using up to 12 threads
Compressing objects: 100% (6/6), done.
Writing objects: 100% (6/6), 623 bytes | 155.00 KiB/s, done.
Total 6 (delta 5), reused 1 (delta 0), pack-reused 0 (from 0)
remote: Resolving deltas: 100% (5/5), completed with 5 local objects.
To https://github.com/bjjjitsjournal-oss/JitsPlannerPro.git
   f6705b42..e088f10c  replit-agent -> replit-agent
PS C:\Users\joe\Documents\JitsplannerPro27\FRESH3> # Check what actually changed
PS C:\Users\joe\Documents\JitsplannerPro27\FRESH3> git show HEAD:capacitor.config.ts | Select-String "version:"
PS C:\Users\joe\Documents\JitsplannerPro27\FRESH3> git show HEAD:android/app/build.gradle | Select-String "versionCode|versionName"

        versionCode 98
        versionName "1.0.98"


PS C:\Users\joe\Documents\JitsplannerPro27\FRESH3> git show HEAD:client/src/pages/Settings.tsx | Select-String "appVersion"

  const appVersion = '1.0.80'; // Will be auto-updated
by build process
            <span>{appVersion}</span>


PS C:\Users\joe\Documents\JitsplannerPro27\FRESH3> npm run build

> rest-express@1.0.0 build
> vite build && esbuild server/index.ts --platform=node --packages=external --bundle --format=esm --outdir=dist

vite v5.4.19 building for production...
transforming (1) index.htmlBrowserslist: browsers data (caniuse-lite) is 13 months old. Please run:
  npx update-browserslist-db@latest
  Why you should do it regularly: https://github.com/browserslist/update-db#readme
✓ 2773 modules transformed.
../dist/public/index.html                   3.12 kB │ gzip:   1.09 kB
../dist/public/assets/index-3886ofBq.css   99.82 kB │ gzip:  16.17 kB
../dist/public/assets/web-CzTbwFqL.js       1.25 kB │ gzip:   0.59 kB
../dist/public/assets/index-0QAUOASO.js   890.78 kB │ gzip: 250.70 kB

(!) Some chunks are larger than 500 kB after minification. Consider:
- Using dynamic import() to code-split the application
- Use build.rollupOptions.output.manualChunks to improve chunking: https://rollupjs.org/configuration-options/#output-manualchunks
- Adjust chunk size limit for this warning via build.chunkSizeWarningLimit.
✓ built in 8.69s

  dist\index.js  139.9kb

⚡ Done in 29ms
PS C:\Users\joe\Documents\JitsplannerPro27\FRESH3> npx cap sync
\ Copying web assets from public to android\app\src\main\√ Copying web assets from public to android\app\src\main\assets\public in 40.76ms
\ Creating capacitor.config.json in android\app\src\main\√ Creating capacitor.config.json in android\app\src\main\assets in 3.12ms
√ copy android in 176.26ms
√ Updating Android plugins in 28.02ms
[info] Found 2 Capacitor plugins for android:
       @capacitor/app@7.1.0
       @capacitor/preferences@7.0.2
√ update android in 207.03ms
√ Copying web assets from public to ios\App\App\public in 29.27ms
√ Creating capacitor.config.json in ios\App\App in 2.01ms
√ copy ios in 176.61ms
√ Updating iOS plugins in 26.74ms
/ update ios [warn] Skipping pod install because CocoaPods is not installed
[warn] Unable to find "xcodebuild". Skipping xcodebuild clean step...
√ Updating iOS native dependencies with pod install in 37.75ms
[info] Found 2 Capacitor plugins for ios:
       @capacitor/app@7.1.0
       @capacitor/preferences@7.0.2
√ update ios in 265.14ms
√ copy web in 64.59ms
√ update web in 73.33ms
[info] Sync finished in 1.306s
PS C:\Users\joe\Documents\JitsplannerPro27\FRESH3> git add capacitor.config.ts android/app/build.gradle client/src/pages/Settings.tsx
PS C:\Users\joe\Documents\JitsplannerPro27\FRESH3> git commit -m "v1.0.100 - Update all version numbers to 1.0.100"
Auto packing the repository for optimum performance.
See "git help gc" for manual housekeeping.
Enumerating objects: 10, done.
Counting objects: 100% (10/10), done.
Delta compression using up to 12 threads
Compressing objects: 100% (10/10), done.
Writing objects: 100% (10/10), done.
Total 10 (delta 0), reused 0 (delta 0), pack-reused 0 (from 0)
Checking connectivity: 37765, done.
warning: There are too many unreachable loose objects; run 'git prune' to remove them.
[replit-agent 9575f2b1] v1.0.100 - Update all version numbers to 1.0.100
 3 files changed, 5 insertions(+), 4 deletions(-)
PS C:\Users\joe\Documents\JitsplannerPro27\FRESH3> git push origin replit-agent
Enumerating objects: 19, done.
Counting objects: 100% (19/19), done.
Delta compression using up to 12 threads
Compressing objects: 100% (10/10), done.
Writing objects: 100% (10/10), 845 bytes | 120.00 KiB/s, done.
Total 10 (delta 9), reused 1 (delta 0), pack-reused 0 (from 0)
remote: Resolving deltas: 100% (9/9), completed with 9 local objects.
To https://github.com/bjjjitsjournal-oss/JitsPlannerPro.git
   e088f10c..9575f2b1  replit-agent -> replit-agent
PS C:\Users\joe\Documents\JitsplannerPro27\FRESH3>