compatible with Gradle 9.0.

You can use '--warning-mode all' to show the individual deprecation warnings and determine if they come from your own scripts or plugins.

For more on this, please refer to https://docs.gradle.org/8.13/userguide/command_line_interface.html#sec:command_line_warnings in the Gradle documentation.

BUILD SUCCESSFUL in 5s
6 actionable tasks: 6 executed
PS C:\Projects\JitsPlannerPro\android> .\gradlew bundleRelease --no-build-cache

> Configure project :app
WARNING: Using flatDir should be avoided because it doesn't support any meta-data formats.

> Configure project :capacitor-cordova-android-plugins
WARNING: Using flatDir should be avoided because it doesn't support any meta-data formats.

> Task :capacitor-android:compileReleaseJavaWithJavac
Note: Some input files use unchecked or unsafe operations.
Note: Recompile with -Xlint:unchecked for details.

[Incubating] Problems report is available at: file:///C:/Projects/JitsPlannerPro/android/build/reports/problems/problems-report.html

Deprecated Gradle features were used in this build, making it incompatible with Gradle 9.0.

You can use '--warning-mode all' to show the individual deprecation warnings and determine if they come from your own scripts or plugins.

For more on this, please refer to https://docs.gradle.org/8.13/userguide/command_line_interface.html#sec:command_line_warnings in the Gradle documentation.

BUILD SUCCESSFUL in 35s
193 actionable tasks: 172 executed, 21 up-to-date
PS C:\Projects\JitsPlannerPro\android> # 1. Sync Capacitor with the updated config
PS C:\Projects\JitsPlannerPro\android> npx cap sync android
[error] android platform has not been added yet.
        See the docs for adding the android platform:
        https://capacitorjs.com/docs/android#adding-the-android-platform
PS C:\Projects\JitsPlannerPro\android>
PS C:\Projects\JitsPlannerPro\android> # 2. Clean rebuild with no cache
PS C:\Projects\JitsPlannerPro\android> cd android
cd : Cannot find path
'C:\Projects\JitsPlannerPro\android\android' because it does
not exist.
At line:1 char:1
+ cd android
+ ~~~~~~~~~~
    + CategoryInfo          : ObjectNotFound: (C:\Projects\Jit
   ...android\android:String) [Set-Location], ItemNotFoundExc
  eption
    + FullyQualifiedErrorId : PathNotFound,Microsoft.PowerShel
   l.Commands.SetLocationCommand

PS C:\Projects\JitsPlannerPro\android> # 1. Sync Capacitor with the updated config
PS C:\Projects\JitsPlannerPro\android> npx cap sync android
[error] android platform has not been added yet.
        See the docs for adding the android platform:
        https://capacitorjs.com/docs/android#adding-the-android-platform
PS C:\Projects\JitsPlannerPro\android> cd ..
PS C:\Projects\JitsPlannerPro> npx cap sync android
\ Copying web assets from public to android\app\src\main\assets\√ Copying web assets from public to android\app\src\main\assets\public in 36.54ms
√ Creating capacitor.config.json in android\app\src\main\assets in 3.42ms
√ copy android in 122.34ms
√ Updating Android plugins in 21.44ms
[info] Found 2 Capacitor plugins for android:
       @capacitor/app@7.1.0
       @capacitor/preferences@7.0.2
√ update android in 181.14ms
[info] Sync finished in 0.444s
PS C:\Projects\JitsPlannerPro> cd android
PS C:\Projects\JitsPlannerPro\android> .\gradlew clean bundleRelease --no-build-cache

> Configure project :app
WARNING: Using flatDir should be avoided because it doesn't support any meta-data formats.

> Configure project :capacitor-cordova-android-plugins
WARNING: Using flatDir should be avoided because it doesn't support any meta-data formats.

> Task :capacitor-android:compileReleaseJavaWithJavac
Note: Some input files use unchecked or unsafe operations.
Note: Recompile with -Xlint:unchecked for details.

[Incubating] Problems report is available at: file:///C:/Projects/JitsPlannerPro/android/build/reports/problems/problems-report.html

Deprecated Gradle features were used in this build, making it incompatible with Gradle 9.0.

You can use '--warning-mode all' to show the individual deprecation warnings and determine if they come from your own scripts or plugins.

For more on this, please refer to https://docs.gradle.org/8.13/userguide/command_line_interface.html#sec:command_line_warnings in the Gradle documentation.

BUILD SUCCESSFUL in 32s
199 actionable tasks: 177 executed, 22 up-to-date
PS C:\Projects\JitsPlannerPro\android>
