
PS C:\Users\joe\Documents\JitsplannerPro27\FRESH3> Select-String -Path "android/app/build.gradle" -Pattern "versionCode|versionName"

android\app\build.gradle:14:        versionCode 103
android\app\build.gradle:15:        versionName "1.0.103"


PS C:\Users\joe\Documents\JitsplannerPro27\FRESH3> Select-String -Path "client/src/pages/Settings.tsx" -Pattern "appVersion"

client\src\pages\Settings.tsx:28:  const appVersion =
'1.0.103'; // Will be auto-updated by build process
client\src\pages\Settings.tsx:635:
<span>{appVersion}</span>


PS C:\Users\joe\Documents\JitsplannerPro27\FRESH3> Select-String -Path ".env" -Pattern "VITE_API_BASE_URL"

.env:3:VITE_API_BASE_URL=https://jitsjournal-backend.onrender.c
om


PS C:\Users\joe\Documents\JitsplannerPro27\FRESH3> git pull origin replit-agent --no-rebase
From https://github.com/bjjjitsjournal-oss/JitsPlannerPro
 * branch              replit-agent -> FETCH_HEAD
 + a04ae596...b497f4b5 replit-agent -> origin/replit-agent  (forced update)
Performing inexact rename detection: 100% (7909/7909), done.
Performing inexact rename detection: 100% (1743/1743), done.
CONFLICT (modify/delete): .local/state/replit/agent/.latest.json deleted in HEAD and modified in b497f4b55719a3f8d0cde8db8bdd46b64ebfcb89.  Version b497f4b55719a3f8d0cde8db8bdd46b64ebfcb89 of .local/state/replit/agent/.latest.json left in tree.
CONFLICT (modify/delete): .local/state/replit/agent/repl_state.bin deleted in HEAD and modified in b497f4b55719a3f8d0cde8db8bdd46b64ebfcb89.  Version b497f4b55719a3f8d0cde8db8bdd46b64ebfcb89 of .local/state/replit/agent/repl_state.bin left in tree.
Auto-merging android/app/build.gradle
CONFLICT (content): Merge conflict in android/app/build.gradle
Auto-merging client/src/pages/Settings.tsx
CONFLICT (content): Merge conflict in client/src/pages/Settings.tsx
Automatic merge failed; fix conflicts and then commit the result.
PS C:\Users\joe\Documents\JitsplannerPro27\FRESH3> # Git will auto-merge or ask you to resolve conflicts
PS C:\Users\joe\Documents\JitsplannerPro27\FRESH3> git push origin replit-agent