d
PS C:\Users\joe\Documents\JitsplannerPro27\FRESH3> # Fix line 120 manually
PS C:\Users\joe\Documents\JitsplannerPro27\FRESH3> $lines = Get-Content client/src/pages/Settings.tsx
PS C:\Users\joe\Documents\JitsplannerPro27\FRESH3> $lines[119] = "      return await apiRequest('DELETE', `/api/gyms/`${gymMembership?.id}/members/`${userId}`);"
PS C:\Users\joe\Documents\JitsplannerPro27\FRESH3> Set-Content client/src/pages/Settings.tsx -Value $lines -Encoding UTF8
PS C:\Users\joe\Documents\JitsplannerPro27\FRESH3>
PS C:\Users\joe\Documents\JitsplannerPro27\FRESH3> # Verify
PS C:\Users\joe\Documents\JitsplannerPro27\FRESH3> Get-Content client/src/pages/Settings.tsx | Select-Object -Skip 119 -First 1
      return await apiRequest('DELETE', /api/gyms/${gymMembership?.id}/members/${userId});
PS C:\Users\joe\Documents\JitsplannerPro27\FRESH3>
PS C:\Users\joe\Documents\JitsplannerPro27\FRESH3> # Build
PS C:\Users\joe\Documents\JitsplannerPro27\FRESH3> npm run build

> rest-express@1.0.0 build
> vite build && esbuild server/index.ts --platform=node --packages=external --bundle --format=esm --outdir=dist

vite v5.4.19 building for production...
transforming (1) index.htmlBrowserslist: browsers data (caniuse-lite) is 13 months old. Please run:
  npx update-browserslist-db@latest
  Why you should do it regularly: https://github.com/browserslist/update-db#readme
✓ 15 modules transformed.
x Build failed in 1.89s
error during build:
[vite:esbuild] Transform failed with 1 error:
C:/Users/joe/Documents/JitsplannerPro27/FRESH3/client/src/pages/Settings.tsx:120:51: ERROR: Expected ")" but found "{"
file: C:/Users/joe/Documents/JitsplannerPro27/FRESH3/client/src/pages/Settings.tsx:120:51

Expected ")" but found "{"
118|    const removeMemberMutation = useMutation({
119|      mutationFn: async ({ userId }: { userId: number }) => {
120|        return await apiRequest('DELETE', /api/gyms/${gymMembership?.id}/members/${userId});
   |                                                     ^
121|      },
122|      onSuccess: () => {

    at failureErrorWithLog (C:\Users\joe\Documents\JitsplannerPro27\FRESH3\node_modules\vite\node_modules\esbuild\lib\main.js:1472:15)
    at C:\Users\joe\Documents\JitsplannerPro27\FRESH3\node_modules\vite\node_modules\esbuild\lib\main.js:755:50
    at responseCallbacks.<computed> (C:\Users\joe\Documents\JitsplannerPro27\FRESH3\node_modules\vite\node_modules\esbuild\lib\main.js:622:9)
    at handleIncomingPacket (C:\Users\joe\Documents\JitsplannerPro27\FRESH3\node_modules\vite\node_modules\esbuild\lib\main.js:677:12)
    at Socket.readFromStdout (C:\Users\joe\Documents\JitsplannerPro27\FRESH3\node_modules\vite\node_modules\esbuild\lib\main.js:600:7)
    at Socket.emit (node:events:519:28)
    at addChunk (node:internal/streams/readable:561:12)
    at readableAddChunkPushByteMode (node:internal/streams/readable:512:3)
    at Readable.push (node:internal/streams/readable:392:5)
    at Pipe.onStreamRead (node:internal/stream_base_commons:189:23)
PS C:\Users\joe\Documents\JitsplannerPro27\FRESH3>
PS C:\Users\joe\Documents\JitsplannerPro27\FRESH3> # If successful, commit and push
PS C:\Users\joe\Documents\JitsplannerPro27\FRESH3> git add client/src/pages/Settings.tsx
PS C:\Users\joe\Documents\JitsplannerPro27\FRESH3> git commit -m "v1.0.100 - Fix DELETE template literal"
Auto packing the repository for optimum performance.
See "git help gc" for manual housekeeping.
Enumerating objects: 6, done.
Counting objects: 100% (6/6), done.
Delta compression using up to 12 threads
Compressing objects: 100% (6/6), done.
Writing objects: 100% (6/6), done.
Total 6 (delta 0), reused 0 (delta 0), pack-reused 0 (from 0)
Checking connectivity: 37743, done.
warning: There are too many unreachable loose objects; run 'git prune' to remove them.
[replit-agent 83cdbc9a] v1.0.100 - Fix DELETE template literal
 1 file changed, 12 insertions(+), 11 deletions(-)
PS C:\Users\joe\Documents\JitsplannerPro27\FRESH3> # Fix line 120 with backticks
PS C:\Users\joe\Documents\JitsplannerPro27\FRESH3> $lines = Get-Content client/src/pages/Settings.tsx
PS C:\Users\joe\Documents\JitsplannerPro27\FRESH3> $lines[119] = '      return await apiRequest(' + "'DELETE', " + '`/api/gyms/${gymMembership?.id}/members/${userId}`);'
PS C:\Users\joe\Documents\JitsplannerPro27\FRESH3> Set-Content client/src/pages/Settings.tsx -Value $lines -Encoding UTF8
PS C:\Users\joe\Documents\JitsplannerPro27\FRESH3>
PS C:\Users\joe\Documents\JitsplannerPro27\FRESH3> # Verify
PS C:\Users\joe\Documents\JitsplannerPro27\FRESH3> Get-Content client/src/pages/Settings.tsx | Select-Object -Skip 119 -First 1
      return await apiRequest('DELETE', `/api/gyms/${gymMembership?.id}/members/${userId}`);
PS C:\Users\joe\Documents\JitsplannerPro27\FRESH3>
PS C:\Users\joe\Documents\JitsplannerPro27\FRESH3> # Build
PS C:\Users\joe\Documents\JitsplannerPro27\FRESH3> npm run build

> rest-express@1.0.0 build
> vite build && esbuild server/index.ts --platform=node --packages=external --bundle --format=esm --outdir=dist

vite v5.4.19 building for production...
transforming (3) src\main.tsxBrowserslist: browsers data (caniuse-lite) is 13 months old. Please run:
  npx update-browserslist-db@latest
  Why you should do it regularly: https://github.com/browserslist/update-db#readme
✓ 2773 modules transformed.
../dist/public/index.html                   3.12 kB │ gzip:   1.09 kB
../dist/public/assets/index-3886ofBq.css   99.82 kB │ gzip:  16.17 kB
../dist/public/assets/web-DS42QxN8.js       1.25 kB │ gzip:   0.58 kB
../dist/public/assets/index-CSWzlHJm.js   890.80 kB │ gzip: 250.73 kB

(!) Some chunks are larger than 500 kB after minification. Consider:
- Using dynamic import() to code-split the application
- Use build.rollupOptions.output.manualChunks to improve chunking: https://rollupjs.org/configuration-options/#output-manualchunks
- Adjust chunk size limit for this warning via build.chunkSizeWarningLimit.
✓ built in 9.07s

  dist\index.js  139.9kb

⚡ Done in 22ms
PS C:\Users\joe\Documents\JitsplannerPro27\FRESH3>
PS C:\Users\joe\Documents\JitsplannerPro27\FRESH3> # If successful, commit and push
PS C:\Users\joe\Documents\JitsplannerPro27\FRESH3> git add client/src/pages/Settings.tsx
PS C:\Users\joe\Documents\JitsplannerPro27\FRESH3> git commit -m "v1.0.100 - Add backticks to template literal"
Auto packing the repository for optimum performance.
See "git help gc" for manual housekeeping.
Enumerating objects: 6, done.
Counting objects: 100% (6/6), done.
Delta compression using up to 12 threads
Compressing objects: 100% (6/6), done.
Writing objects: 100% (6/6), done.
Total 6 (delta 0), reused 0 (delta 0), pack-reused 0 (from 0)
Checking connectivity: 37749, done.
warning: There are too many unreachable loose objects; run 'git prune' to remove them.
[replit-agent f6705b42] v1.0.100 - Add backticks to template literal
 1 file changed, 1 insertion(+), 1 deletion(-)
PS C:\Users\joe\Documents\JitsplannerPro27\FRESH3> git push origin replit-agent