PS C:\Users\joe\Documents\JitsplannerPro27\FRESH3> git push origin replit-agent
Enumerating objects: 17, done.
Counting objects: 100% (17/17), done.
Delta compression using up to 12 threads
Compressing objects: 100% (8/8), done.
Writing objects: 100% (9/9), 779 bytes | 155.00 KiB/s, done.
Total 9 (delta 6), reused 0 (delta 0), pack-reused 0 (from 0)
remote: Resolving deltas: 100% (6/6), completed with 6 local objects.
To https://github.com/bjjjitsjournal-oss/JitsPlannerPro.git
   835ed493..634fe0c0  replit-agent -> replit-agent
PS C:\Users\joe\Documents\JitsplannerPro27\FRESH3>
PS C:\Users\joe\Documents\JitsplannerPro27\FRESH3> Write-Host "`n✅ v1.0.98 pushed! Check verification output above." -ForegroundColor Green

✅ v1.0.98 pushed! Check verification output above.
PS C:\Users\joe\Documents\JitsplannerPro27\FRESH3> # See if there are unstaged changes
PS C:\Users\joe\Documents\JitsplannerPro27\FRESH3> git diff client/src/components/BottomNav.tsx | Select-String "game-plans"
PS C:\Users\joe\Documents\JitsplannerPro27\FRESH3>
PS C:\Users\joe\Documents\JitsplannerPro27\FRESH3> # Check current working file
PS C:\Users\joe\Documents\JitsplannerPro27\FRESH3> Get-Content client/src/components/BottomNav.tsx | Select-String "game-plans|Plans"
PS C:\Users\joe\Documents\JitsplannerPro27\FRESH3> # Touch the file to mark it as changed
PS C:\Users\joe\Documents\JitsplannerPro27\FRESH3> $content = Get-Content client/src/components/BottomNav.tsx -Raw

PS C:\Users\joe\Documents\JitsplannerPro27\FRESH3> Set-Content client/src/components/BottomNav.tsx -Value $content -NoNewline
PS C:\Users\joe\Documents\JitsplannerPro27\FRESH3>
PS C:\Users\joe\Documents\JitsplannerPro27\FRESH3> # Now check status
PS C:\Users\joe\Documents\JitsplannerPro27\FRESH3> git status
On branch replit-agent
Your branch is up to date with 'origin/replit-agent'.

nothing to commit, working tree clean
PS C:\Users\joe\Documents\JitsplannerPro27\FRESH3>
PS C:\Users\joe\Documents\JitsplannerPro27\FRESH3> # If it shows as modified, commit it
PS C:\Users\joe\Documents\JitsplannerPro27\FRESH3> git add client/src/components/BottomNav.tsx
PS C:\Users\joe\Documents\JitsplannerPro27\FRESH3> git add client/src/pages/Settings.tsx
PS C:\Users\joe\Documents\JitsplannerPro27\FRESH3> git commit -m "v1.0.98 - Force add BottomNav and Settings"
On branch replit-agent
Your branch is up to date with 'origin/replit-agent'.

nothing to commit, working tree clean
PS C:\Users\joe\Documents\JitsplannerPro27\FRESH3> git push origin replit-agent
Everything up-to-date
PS C:\Users\joe\Documents\JitsplannerPro27\FRESH3>
PS C:\Users\joe\Documents\JitsplannerPro27\FRESH3> # Verify
PS C:\Users\joe\Documents\JitsplannerPro27\FRESH3> git show HEAD:client/src/components/BottomNav.tsx | Select-String "game-plans"
PS C:\Users\joe\Documents\JitsplannerPro27\FRESH3>